// Vitest Snapshot v1

exports[`rgbToHex > generate snapshot 1`] = `true`;
